This is pdfTeX, Version 3.141592653-2.6-1.40.28 (MiKTeX 25.12) (preloaded format=pdflatex 2026.4.20)  10 MAY 2026 14:04
entering extended mode
 restricted \write18 enabled.
 %&-line parsing enabled.
**./BaselineMutex.tex
(BaselineMutex.tex
LaTeX2e <2025-11-01>
L3 programming layer <2025-12-24>

(C:\Users\25900\AppData\Local\Programs\MiKTeX\tex/latex/base\article.cls
Document Class: article 2025/01/22 v1.4n Standard LaTeX document class
(C:\Users\25900\AppData\Local\Programs\MiKTeX\tex/latex/base\size10.clo
File: size10.clo 2025/01/22 v1.4n Standard LaTeX file (size option)
)
\c@part=\count275
\c@section=\count276
\c@subsection=\count277
\c@subsubsection=\count278
\c@paragraph=\count279
\c@subparagraph=\count280
\c@figure=\count281
\c@table=\count282
\abovecaptionskip=\skip49
\belowcaptionskip=\skip50
\bibindent=\dimen148
) (C:\Users\25900\AppData\Local\Programs\MiKTeX\tex/latex/graphics\color.sty
Package: color 2025/01/14 v1.3e Standard LaTeX Color (DPC)
(C:\Users\25900\AppData\Local\Programs\MiKTeX\tex/latex/graphics-cfg\color.cfg
File: color.cfg 2016/01/02 v1.6 sample color configuration
)
Package color Info: Driver file: pdftex.def on input line 149.

(C:\Users\25900\AppData\Local\Programs\MiKTeX\tex/latex/graphics-def\pdftex.def
File: pdftex.def 2025/09/29 v1.2d Graphics/color driver for pdftex
) (C:\Users\25900\AppData\Local\Programs\MiKTeX\tex/latex/graphics\mathcolor.lt
x)) (C:\Users\25900\AppData\Local\Programs\MiKTeX\tex/latex/base\latexsym.sty
Package: latexsym 1998/08/17 v2.2e Standard LaTeX package (lasy symbols)
\symlasy=\mathgroup4
LaTeX Font Info:    Overwriting symbol font `lasy' in version `bold'
(Font)                  U/lasy/m/n --> U/lasy/b/n on input line 52.
) (C:\Users\25900\AppData\Local\Programs\MiKTeX\tex/latex/base\ifthen.sty
Package: ifthen 2024/03/16 v1.1e Standard LaTeX ifthen package (DPC)
)
\symlength=\skip51
\equalswidth=\skip52
\charwidth=\skip53
\boxrulewd=\skip54
\boxlineht=\skip55
\boxruleht=\skip56
\boxruledp=\skip57
\pcalvspace=\skip58
\lcomindent=\skip59
\@xlen=\skip60
\templena=\skip61
\templenb=\skip62
\tempboxa=\box53
\vshadelen=\skip63
\boxwidth=\skip64
\multicommentdepth=\skip65
\c@pardepth=\count283
\tempsbox=\box54
\@cparht=\skip66
\@cpardp=\skip67
\xmcomlen=\skip68
\spacewidth=\skip69
\alignboxwidth=\skip70
\alignwidth=\skip71
\alignbox=\box55
\symtlaitalics=\mathgroup5
\c@tlx@ctr=\count284
(C:\Users\25900\AppData\Local\Programs\MiKTeX\tex/latex/tools\verbatim.sty
Package: verbatim 2024-01-22 v1.5x LaTeX2e package for verbatim enhancements
\every@verbatim=\toks17
\verbatim@line=\toks18
\verbatim@in@stream=\read2
)
(C:\Users\25900\AppData\Local\Programs\MiKTeX\tex/latex/l3backend\l3backend-pdf
tex.def
File: l3backend-pdftex.def 2025-10-09 L3 backend support: PDF output (pdfTeX)
\l__color_backend_stack_int=\count285
) (BaselineMutex.aux)
\openout1 = `BaselineMutex.aux'.

LaTeX Font Info:    Checking defaults for OML/cmm/m/it on input line 939.
LaTeX Font Info:    ... okay on input line 939.
LaTeX Font Info:    Checking defaults for OMS/cmsy/m/n on input line 939.
LaTeX Font Info:    ... okay on input line 939.
LaTeX Font Info:    Checking defaults for OT1/cmr/m/n on input line 939.
LaTeX Font Info:    ... okay on input line 939.
LaTeX Font Info:    Checking defaults for T1/cmr/m/n on input line 939.
LaTeX Font Info:    ... okay on input line 939.
LaTeX Font Info:    Checking defaults for TS1/cmr/m/n on input line 939.
LaTeX Font Info:    ... okay on input line 939.
LaTeX Font Info:    Checking defaults for OMX/cmex/m/n on input line 939.
LaTeX Font Info:    ... okay on input line 939.
LaTeX Font Info:    Checking defaults for U/cmr/m/n on input line 939.
LaTeX Font Info:    ... okay on input line 939.

(C:\Users\25900\AppData\Local\Programs\MiKTeX\tex/context/base/mkii\supp-pdf.mk
ii
[Loading MPS to PDF converter (version 2006.09.02).]
\scratchcounter=\count286
\scratchdimen=\dimen149
\scratchbox=\box56
\nofMPsegments=\count287
\nofMParguments=\count288
\everyMPshowfont=\toks19
\MPscratchCnt=\count289
\MPscratchDim=\dimen150
\MPnumerator=\count290
\makeMPintoPDFobject=\count291
\everyMPtoPDFconversion=\toks20
)
LaTeX Font Info:    External font `cmex10' loaded for size
(Font)              <7> on input line 942.
LaTeX Font Info:    External font `cmex10' loaded for size
(Font)              <5> on input line 942.
LaTeX Font Info:    Trying to load font information for U+lasy on input line 94
2.
(C:\Users\25900\AppData\Local\Programs\MiKTeX\tex/latex/base\ulasy.fd
File: ulasy.fd 1998/08/17 v2.2e LaTeX symbol font definitions
)
LaTeX Font Info:    External font `cmex10' loaded for size
(Font)              <8> on input line 956.
LaTeX Font Info:    External font `cmex10' loaded for size
(Font)              <6> on input line 956.
[1

{C:/Users/25900/AppData/Local/MiKTeX/fonts/map/pdftex/pdftex.map}] [2] (Baselin
eMutex.aux)
 ***********
LaTeX2e <2025-11-01>
L3 programming layer <2025-12-24>
 ***********
 ) 
Here is how much of TeX's memory you used:
 1393 strings out of 467871
 21163 string characters out of 5418376
 451733 words of memory out of 5000000
 30303 multiletter control sequences out of 15000+600000
 633191 words of font info for 61 fonts, out of 8000000 for 9000
 1141 hyphenation exceptions out of 8191
 38i,10n,46p,233b,171s stack positions out of 10000i,1000n,20000p,200000b,200000s
<C:/Users/25900/AppData/Local/Programs/MiKTeX/fonts/type1/public/amsfonts/cm/
cmcsc10.pfb><C:/Users/25900/AppData/Local/Programs/MiKTeX/fonts/type1/public/am
sfonts/cm/cmmi10.pfb><C:/Users/25900/AppData/Local/Programs/MiKTeX/fonts/type1/
public/amsfonts/cm/cmr10.pfb><C:/Users/25900/AppData/Local/Programs/MiKTeX/font
s/type1/public/amsfonts/cm/cmr5.pfb><C:/Users/25900/AppData/Local/Programs/MiKT
eX/fonts/type1/public/amsfonts/cm/cmr8.pfb><C:/Users/25900/AppData/Local/Progra
ms/MiKTeX/fonts/type1/public/amsfonts/cm/cmr9.pfb><C:/Users/25900/AppData/Local
/Programs/MiKTeX/fonts/type1/public/amsfonts/cm/cmss10.pfb><C:/Users/25900/AppD
ata/Local/Programs/MiKTeX/fonts/type1/public/amsfonts/cm/cmss8.pfb><C:/Users/25
900/AppData/Local/Programs/MiKTeX/fonts/type1/public/amsfonts/cm/cmsy10.pfb><C:
/Users/25900/AppData/Local/Programs/MiKTeX/fonts/type1/public/amsfonts/cm/cmsy7
.pfb><C:/Users/25900/AppData/Local/Programs/MiKTeX/fonts/type1/public/amsfonts/
cm/cmti10.pfb><C:/Users/25900/AppData/Local/Programs/MiKTeX/fonts/type1/public/
amsfonts/cm/cmti7.pfb><C:/Users/25900/AppData/Local/Programs/MiKTeX/fonts/type1
/public/amsfonts/cm/cmti8.pfb><C:/Users/25900/AppData/Local/Programs/MiKTeX/fon
ts/type1/public/amsfonts/latxfont/lasy10.pfb>
Output written on BaselineMutex.pdf (2 pages, 149654 bytes).
PDF statistics:
 79 PDF objects out of 1000 (max. 8388607)
 0 named destinations out of 1000 (max. 500000)
 1 words of extra memory for PDF output out of 10000 (max. 10000000)

